{
  "options": {},
  "solution": {},
  "statistics": {
    "result": {
      "value": 1.23,
      "custom": {
        "message": "Hello, world"
      }
    },
    "schema": "v1"
  }
}
