{"options":{},"solution":{},"statistics":{"message":"Hello, world"}}
