Requirement already satisfied: ortools==9.8.3296 in /Users/sebastian-quintero/github/community-apps/venv/lib/python3.12/site-packages (from -r requirements.txt (line 1)) (9.8.3296)
Requirement already satisfied: nextmv==VERSION.dev0 in /Users/sebastian-quintero/github/community-apps/venv/lib/python3.12/site-packages (from -r requirements.txt (line 2)) (0.10.3.dev0)
Requirement already satisfied: absl-py>=2.0.0 in /Users/sebastian-quintero/github/community-apps/venv/lib/python3.12/site-packages (from ortools==9.8.3296->-r requirements.txt (line 1)) (2.1.0)
Requirement already satisfied: numpy>=1.13.3 in /Users/sebastian-quintero/github/community-apps/venv/lib/python3.12/site-packages (from ortools==9.8.3296->-r requirements.txt (line 1)) (1.26.4)
Requirement already satisfied: pandas>=2.0.0 in /Users/sebastian-quintero/github/community-apps/venv/lib/python3.12/site-packages (from ortools==9.8.3296->-r requirements.txt (line 1)) (2.2.2)
Requirement already satisfied: protobuf>=4.25.0 in /Users/sebastian-quintero/github/community-apps/venv/lib/python3.12/site-packages (from ortools==9.8.3296->-r requirements.txt (line 1)) (4.25.3)
Requirement already satisfied: pydantic>=2.5.2 in /Users/sebastian-quintero/github/community-apps/venv/lib/python3.12/site-packages (from nextmv==VERSION.dev0->-r requirements.txt (line 2)) (2.6.1)
Requirement already satisfied: pyyaml>=6.0.1 in /Users/sebastian-quintero/github/community-apps/venv/lib/python3.12/site-packages (from nextmv==VERSION.dev0->-r requirements.txt (line 2)) (6.0.2)
Requirement already satisfied: requests>=2.31.0 in /Users/sebastian-quintero/github/community-apps/venv/lib/python3.12/site-packages (from nextmv==VERSION.dev0->-r requirements.txt (line 2)) (2.31.0)
Requirement already satisfied: urllib3>=2.1.0 in /Users/sebastian-quintero/github/community-apps/venv/lib/python3.12/site-packages (from nextmv==VERSION.dev0->-r requirements.txt (line 2)) (2.2.2)
Requirement already satisfied: python-dateutil>=2.8.2 in /Users/sebastian-quintero/github/community-apps/venv/lib/python3.12/site-packages (from pandas>=2.0.0->ortools==9.8.3296->-r requirements.txt (line 1)) (2.8.2)
Requirement already satisfied: pytz>=2020.1 in /Users/sebastian-quintero/github/community-apps/venv/lib/python3.12/site-packages (from pandas>=2.0.0->ortools==9.8.3296->-r requirements.txt (line 1)) (2024.1)
Requirement already satisfied: tzdata>=2022.7 in /Users/sebastian-quintero/github/community-apps/venv/lib/python3.12/site-packages (from pandas>=2.0.0->ortools==9.8.3296->-r requirements.txt (line 1)) (2024.1)
Requirement already satisfied: annotated-types>=0.4.0 in /Users/sebastian-quintero/github/community-apps/venv/lib/python3.12/site-packages (from pydantic>=2.5.2->nextmv==VERSION.dev0->-r requirements.txt (line 2)) (0.6.0)
Requirement already satisfied: pydantic-core==2.16.2 in /Users/sebastian-quintero/github/community-apps/venv/lib/python3.12/site-packages (from pydantic>=2.5.2->nextmv==VERSION.dev0->-r requirements.txt (line 2)) (2.16.2)
Requirement already satisfied: typing-extensions>=4.6.1 in /Users/sebastian-quintero/github/community-apps/venv/lib/python3.12/site-packages (from pydantic>=2.5.2->nextmv==VERSION.dev0->-r requirements.txt (line 2)) (4.9.0)
Requirement already satisfied: charset-normalizer<4,>=2 in /Users/sebastian-quintero/github/community-apps/venv/lib/python3.12/site-packages (from requests>=2.31.0->nextmv==VERSION.dev0->-r requirements.txt (line 2)) (3.3.2)
Requirement already satisfied: idna<4,>=2.5 in /Users/sebastian-quintero/github/community-apps/venv/lib/python3.12/site-packages (from requests>=2.31.0->nextmv==VERSION.dev0->-r requirements.txt (line 2)) (3.6)
Requirement already satisfied: certifi>=2017.4.17 in /Users/sebastian-quintero/github/community-apps/venv/lib/python3.12/site-packages (from requests>=2.31.0->nextmv==VERSION.dev0->-r requirements.txt (line 2)) (2024.2.2)
Requirement already satisfied: six>=1.5 in /Users/sebastian-quintero/github/community-apps/venv/lib/python3.12/site-packages (from python-dateutil>=2.8.2->pandas>=2.0.0->ortools==9.8.3296->-r requirements.txt (line 1)) (1.16.0)
