{
  "solution": "Hello, world",
  "statistics": {
    "result": {
      "custom": {
        "length": 5
      }
    },
    "schema": "v1"
  }
}
