{"solutions":[{"items":[{"id":"cat","weight":20.0,"value":100.0},{"id":"dog","weight":45.0,"value":20.0},{"id":"water","weight":2.0,"value":40.0},{"id":"phone","weight":1.0,"value":6.0},{"id":"book","weight":10.0,"value":63.0},{"id":"rx","weight":1.0,"value":81.0},{"id":"tablet","weight":8.0,"value":28.0},{"id":"coat","weight":9.0,"value":44.0},{"id":"laptop","weight":13.0,"value":51.0},{"id":"keys","weight":1.0,"value":92.0},{"id":"nuts","weight":4.0,"value":18.0}],"value":0.0}],"statistics":{"schema":"v1","run":{"duration":0.123},"result":{"value":0.0,"custom":{"provider":"SCIP","status":"OPTIMAL","variables":11,"constraints":1}}}}
