{"solutions":[{"vehicles":[{"vehicle":0,"distance":0.0,"stops":[0,0]},{"vehicle":1,"distance":0.0,"stops":[0,0]},{"vehicle":2,"distance":0.0,"stops":[0,0]},{"vehicle":3,"distance":4384.0,"stops":[0,9,5,8,6,2,10,16,14,13,12,11,15,3,4,1,7,0]}],"value":4384.0}],"statistics":{"schema":"v1","run":{"duration":0.123},"result":{"value":4384.0,"duration":0.123,"custom":{"activated_vehicles":1,"max_route_distance":4384,"min_stops_in_vehicle":0,"max_stops_in_vehicle":16}}}}
