{
  "workers": [
    {
      "availability": [
        {
          "start": "2023-09-03T04:00:00+02:00",
          "end": "2023-09-03T11:00:00+02:00"
        },
        {
          "start": "2023-09-04T14:00:00+02:00",
          "end": "2023-09-04T22:00:00+02:00"
        }
      ],
      "id": "1"
    },
    {
      "availability": [
        {
          "start": "2023-08-28T15:00:00+02:00",
          "end": "2023-08-29T00:00:00+02:00"
        },
        {
          "start": "2023-08-29T16:00:00+02:00",
          "end": "2023-08-29T17:00:00+02:00"
        }
      ],
      "id": "2"
    },
    {
      "availability": [
        {
          "start": "2023-08-29T02:00:00+02:00",
          "end": "2023-08-29T11:00:00+02:00"
        },
        {
          "start": "2023-08-30T16:00:00+02:00",
          "end": "2023-08-31T03:00:00+02:00"
        },
        {
          "start": "2023-08-31T15:00:00+02:00",
          "end": "2023-08-31T22:00:00+02:00"
        },
        {
          "start": "2023-09-01T07:00:00+02:00",
          "end": "2023-09-01T12:00:00+02:00"
        },
        {
          "start": "2023-09-01T23:00:00+02:00",
          "end": "2023-09-02T05:00:00+02:00"
        },
        {
          "start": "2023-09-02T03:00:00+02:00",
          "end": "2023-09-02T08:00:00+02:00"
        },
        {
          "start": "2023-09-03T07:00:00+02:00",
          "end": "2023-09-03T11:00:00+02:00"
        }
      ],
      "id": "3"
    },
    {
      "availability": [
        {
          "start": "2023-08-28T11:00:00+02:00",
          "end": "2023-08-28T19:00:00+02:00"
        },
        {
          "start": "2023-08-28T20:00:00+02:00",
          "end": "2023-08-29T03:00:00+02:00"
        },
        {
          "start": "2023-08-29T04:00:00+02:00",
          "end": "2023-08-29T06:00:00+02:00"
        },
        {
          "start": "2023-08-29T22:00:00+02:00",
          "end": "2023-08-29T22:00:00+02:00"
        },
        {
          "start": "2023-08-30T12:00:00+02:00",
          "end": "2023-08-30T14:00:00+02:00"
        },
        {
          "start": "2023-09-04T06:00:00+02:00",
          "end": "2023-09-04T07:00:00+02:00"
        }
      ],
      "id": "4"
    }
  ],
  "required_workers": [
    {
      "start": "2023-08-29T09:00:00+02:00",
      "end": "2023-08-29T09:30:00+02:00",
      "count": 2
    },
    {
      "start": "2023-08-29T09:30:00+02:00",
      "end": "2023-08-29T10:00:00+02:00",
      "count": 3
    },
    {
      "start": "2023-08-29T10:00:00+02:00",
      "end": "2023-08-29T10:30:00+02:00",
      "count": 1
    },
    {
      "start": "2023-08-29T10:30:00+02:00",
      "end": "2023-08-29T11:00:00+02:00",
      "count": 2
    },
    {
      "start": "2023-08-29T11:00:00+02:00",
      "end": "2023-08-29T11:30:00+02:00",
      "count": 4
    },
    {
      "start": "2023-08-29T11:30:00+02:00",
      "end": "2023-08-29T12:00:00+02:00",
      "count": 3
    }
  ]
}
